// Jest Snapshot v1, https://goo.gl/fbAQLP

exports[`nftwatcher 1`] = `Array []`;
